// Jest Snapshot v1, https://goo.gl/fbAQLP

exports[`<NotFound /> should render the main 1`] = `
<div
  class="MuiBox-root css-umlr5"
>
  <img
    alt=""
    class="css-ca8jrg"
    src="/img/bot.svg"
  />
  <h1
    class="css-rfu5bd"
  >
    Oops! Página não encontrada
  </h1>
  <p
    class="css-1yhs01k"
  >
    A página que você está tentando acessar não existe.
  </p>
  <p
    class="css-1yhs01k"
  >
    Tente voltar para a nossa página inicial
  </p>
  <a
    class="MuiButton-root MuiButton-contained MuiButton-containedPrimary MuiButton-sizeMedium MuiButton-containedSizeMedium MuiButtonBase-root css-126p7k4-MuiButtonBase-root-MuiButton-root"
    href="/"
    tabindex="0"
  >
    Ir para página inicial
    <span
      class="MuiTouchRipple-root css-8je8zh-MuiTouchRipple-root"
    />
  </a>
</div>
`;
